[fatfish.ca/en/index.html]
[backblue.gif]
[fade.gif]
[index.html]
[fatfish.ca/wp-content/themes/fatfish/img/og-image.jpg]
[fatfish.ca/wp-content/cache/min/1/wp-content/themes/fatfish/dist/styles/plugins.min5296.css]
[fatfish.ca/wp-content/themes/fatfish/dist/node-vendor/jquery/dist/jquery.minaf6c.js]
[fatfish.ca/wp-content/cache/min/1/wp-content/themes/fatfish/dist/styles/frontend.min5296.css]
[fatfish.ca/wp-content/cache/min/1/wp-content/plugins/sitepress-multilingual-cms/res/js/cookies/language-cookie5296.js]
[www.google.com/recaptcha/apic9d4.js]
[fatfish.ca/wp-content/cache/min/1/ajax/libs/gsap/3.11.4/gsap.min5296.js]
[fatfish.ca/wp-content/cache/min/1/ajax/libs/gsap/3.11.4/ScrollTrigger.min69a1.js]
[fatfish.ca/wp-content/uploads/2023/01/xyz_tmc_0092-2048x1152.jpg]
[fatfish.ca/en/projects/index.html]
[fatfish.ca/en/expertise/index.html]
[fatfish.ca/en/agency/index.html]
[fatfish.ca/en/careers/index.html]
[fatfish.ca/en/expertises/branding/index.html]
[fatfish.ca/wp-content/uploads/2022/10/comairco-0108-2048x1365.jpg]
[fatfish.ca/en/expertises/web/index.html]
[fatfish.ca/en/expertises/strategy/index.html]
[fatfish.ca/en/projects/theatre-marcellin-champagnat/index.html]
[fatfish.ca/en/projects/awa-all-weather-air/index.html]
[fatfish.ca/wp-content/themes/fatfish/dist/node-vendor/ua-parser-js/dist/ua-parser.min8e32.js]
[fatfish.ca/wp-content/themes/fatfish/dist/scripts/greensock.min8e32.js]
[fatfish.ca/wp-content/themes/fatfish/dist/node-vendor/lazysizes/lazysizes.min8e32.js]
[fatfish.ca/wp-content/themes/fatfish/dist/scripts/vendors.min8e32.js]
[fatfish.ca/wp-content/themes/fatfish/dist/scripts/ffcursor.min8e32.js]
[fatfish.ca/wp-content/themes/fatfish/dist/scripts/ffmagnet.min8e32.js]
[fatfish.ca/wp-content/themes/fatfish/dist/scripts/plugins.min8e32.js]
[fatfish.ca/wp-content/themes/fatfish/dist/scripts/frontend.min8e32.js]
[fatfish.ca/wp-content/plugins/prevent-xss-vulnerability/assets/js/script-2.0.1.min68b3.js]
[fatfish.ca/en/index.html]
[fatfish.ca/wp-content/cache/min/1/wp-content/themes/fatfish/dist/styles/plugins.min5296.css]
[fatfish.ca/wp-content/cache/min/1/wp-content/themes/fatfish/dist/styles/frontend.min5296.css]
[fatfish.ca/wp-content/uploads/2022/10/photo-tmk-911-of-1690-2048x1365.jpg]
[fatfish.ca/en/projects/securitas-aviation/index.html]
[fatfish.ca/wp-content/uploads/2022/10/image-11-unsplash_of_m3hmsoaa.jpg]
[fatfish.ca/wp-content/uploads/2022/11/xl-368ef870-b2cd-4ec9-a01e-fc1c88a9263d.jpg]
[fatfish.ca/en/projects/amelie-coderre/index.html]
[fatfish.ca/en/projects/nexxo/index.html]
[fatfish.ca/wp-content/uploads/2022/09/camilo-jimenez-qzeno_gq7qa-unsplash-1-scaled-1.jpg]
[fatfish.ca/wp-content/uploads/2022/11/ets_planstrategique_2022-2027_pavillond.jpg]
[fatfish.ca/en/projects/nectars-notes/index.html]
[fatfish.ca/wp-content/uploads/2022/10/equipe.jpg]
[fatfish.ca/en/projects/ecole-de-technologie-superieure/index.html]
[fatfish.ca/wp-content/uploads/2022/12/crystal-kwok-487021-unsplash.jpg]
[fatfish.ca/en/projects/degrandpre-chait/index.html]
[fatfish.ca/en/projects/nxt-process/index.html]
[fatfish.ca/wp-content/uploads/2022/11/bulldozer-1920x1440-1.jpg]
[fatfish.ca/en/projects/groupe-afn/index.html]
[fatfish.ca/wp-content/uploads/2022/11/b9a76ad4-4172-493b-9656-7deddbbb6ebd.jpg]
[fatfish.ca/en/projects/auto-canada-finance/index.html]
[fatfish.ca/wp-content/uploads/2022/11/travaux-de-renovation-2048x1366.jpg]
[fatfish.ca/en/projects/location-thomas/index.html]
[fatfish.ca/wp-content/uploads/2022/10/ressentir_a_nouveau_bellerose_juillet_2021.jpg]
[fatfish.ca/en/projects/mouvement-sante-mentale/index.html]
[fatfish.ca/wp-content/uploads/2022/11/complexe_sante_kingsville-10-v2-2048x1365.jpg]
[fatfish.ca/en/projects/duquette-construction/index.html]
[fatfish.ca/wp-content/uploads/2022/11/technosport-1-2048x1359.jpg]
[fatfish.ca/en/projects/montarville/index.html]
[fatfish.ca/wp-content/uploads/2022/11/2008_0420varennes0015-2048x1536.jpg]
[fatfish.ca/en/projects/lignes-plus/index.html]
[fatfish.ca/wp-content/uploads/2022/11/dscn0451.jpg]
[fatfish.ca/en/projects/groupe-anderson/index.html]
[fatfish.ca/wp-content/uploads/2022/11/gallery-1440015799-walk-together-2048x1365.jpg]
[fatfish.ca/en/projects/reseau-qualaxia/index.html]
[fatfish.ca/wp-content/uploads/2022/10/5m-multi-1.jpg]
[fatfish.ca/en/projects/ma-ro-aluminium/index.html]
[fatfish.ca/wp-content/uploads/2022/11/ste-catherine-harel.jpg]
[fatfish.ca/en/projects/abri-de-la-rive-sud/index.html]
[fatfish.ca/wp-content/uploads/2022/10/pnr.jpg]
[fatfish.ca/en/projects/index.html]
[fatfish.ca/en/projects/point-of-no-return/index.html]
[fatfish.ca/en/agency/index.html]
[fatfish.ca/en/expertise/index.html]
[fatfish.ca/en/careers/index.html]
[fatfish.ca/en/careers/web-graphic-design/index.html]
[fatfish.ca/en/careers/web-development/index.html]
[fatfish.ca/en/careers/web-marketing/index.html]
[fatfish.ca/en/careers/motion-design-3d/index.html]
[fatfish.ca/en/expertises/branding/index.html]
[fatfish.ca/en/expertises/web/index.html]
[fatfish.ca/en/expertises/strategy/index.html]
[fatfish.ca/wp-content/uploads/2023/01/tmc-caldendar-mobile-1000x543.png]
[fatfish.ca/wp-content/uploads/2023/01/tmc-caldendar-desktop-1000x543.png]
[fatfish.ca/en/projects/theatre-marcellin-champagnat/index.html]
[fatfish.ca/wp-content/uploads/2022/10/mobile-icon-awa-1000x543.png]
[fatfish.ca/wp-content/uploads/2022/10/desktop-icon-awa-1000x543.png]
[fatfish.ca/en/projects/awa-all-weather-air/index.html]
[fatfish.ca/en/projects/index1420.html]
[fatfish.ca/wp-content/uploads/2022/11/xl-368ef870-b2cd-4ec9-a01e-fc1c88a9263d-600x338.html]
[fatfish.ca/wp-content/uploads/2022/09/camilo-jimenez-qzeno_gq7qa-unsplash-1-scaled-1-600x400.html]
[fatfish.ca/wp-content/uploads/2022/11/bulldozer-1920x1440-1-600x450.html]
[fatfish.ca/wp-content/uploads/2022/11/technosport-1-600x398.html]
[fatfish.ca/wp-content/uploads/2022/11/2008_0420varennes0015-600x450.html]
[fatfish.ca/wp-content/uploads/2022/10/5m-multi-1-600x338.html]
[fatfish.ca/en/projects/index4d71.html]
[fatfish.ca/wp-content/uploads/2022/10/comairco-0108-600x400.html]
[fatfish.ca/wp-content/uploads/2022/10/photo-tmk-911-of-1690-600x400.html]
[fatfish.ca/wp-content/uploads/2022/10/image-11-unsplash_of_m3hmsoaa-600x400.html]
[fatfish.ca/wp-content/uploads/2022/09/camilo-jimenez-qzeno_gq7qa-unsplash-1-scaled-1-600x400.jpg]
[fatfish.ca/wp-content/uploads/2022/11/ets_planstrategique_2022-2027_pavillond-600x338.html]
[fatfish.ca/wp-content/uploads/2022/10/equipe-600x405.html]
[fatfish.ca/wp-content/uploads/2022/12/crystal-kwok-487021-unsplash-600x400.html]
[fatfish.ca/wp-content/uploads/2022/11/bulldozer-1920x1440-1-600x450.jpg]
[fatfish.ca/wp-content/uploads/2022/11/b9a76ad4-4172-493b-9656-7deddbbb6ebd-600x312.html]
[fatfish.ca/wp-content/uploads/2022/11/travaux-de-renovation-600x400.html]
[fatfish.ca/wp-content/uploads/2022/10/ressentir_a_nouveau_bellerose_juillet_2021-600x542.html]
[fatfish.ca/wp-content/uploads/2022/11/complexe_sante_kingsville-10-v2-600x400.html]
[fatfish.ca/wp-content/uploads/2022/11/technosport-1-600x398.jpg]
[fatfish.ca/wp-content/uploads/2022/11/2008_0420varennes0015-600x450.jpg]
[fatfish.ca/wp-content/uploads/2022/11/dscn0451-600x450.html]
[fatfish.ca/wp-content/uploads/2022/11/gallery-1440015799-walk-together-600x400.html]
[fatfish.ca/wp-content/uploads/2022/10/5m-multi-1-600x338.jpg]
[fatfish.ca/wp-content/uploads/2022/11/ste-catherine-harel-600x400.html]
[fatfish.ca/en/projects/indexe908.html]
[fatfish.ca/wp-content/uploads/2022/10/photo-tmk-911-of-1690-600x400.jpg]
[fatfish.ca/wp-content/uploads/2022/10/image-11-unsplash_of_m3hmsoaa-600x400.jpg]
[fatfish.ca/wp-content/uploads/2022/11/xl-368ef870-b2cd-4ec9-a01e-fc1c88a9263d-600x338.jpg]
[fatfish.ca/wp-content/uploads/2022/12/crystal-kwok-487021-unsplash-600x400.jpg]
[fatfish.ca/wp-content/uploads/2022/11/bulldozer-1920x1440-1-600x450-2.jpg]
[fatfish.ca/wp-content/uploads/2022/11/b9a76ad4-4172-493b-9656-7deddbbb6ebd-600x312.jpg]
[fatfish.ca/wp-content/uploads/2022/11/travaux-de-renovation-600x400.jpg]
[fatfish.ca/wp-content/uploads/2022/11/2008_0420varennes0015-600x450-2.jpg]
[fatfish.ca/wp-content/uploads/2022/11/dscn0451-600x450.jpg]
[fatfish.ca/wp-content/uploads/2022/10/securitas-tablet-left-1000x625.png]
[fatfish.ca/wp-content/uploads/2022/10/securitas-tablet-right-1000x625.png]
[fatfish.ca/wp-content/uploads/2022/10/securitas-desktop-1-1000x817.png]
[fatfish.ca/en/projects/securitas-aviation/index.html]
[fatfish.ca/wp-content/uploads/2022/10/desktop-blogue-nexxo-1000x817.png]
[fatfish.ca/wp-content/uploads/2022/10/mobile-clients-nexxo-1000x543.png]
[fatfish.ca/wp-content/uploads/2022/10/desktop-clients-nexxo-1000x543.png]
[fatfish.ca/wp-content/uploads/2022/10/desktop-chatbot-nexxo-1000x817.png]
[fatfish.ca/en/projects/nexxo/index.html]
[fatfish.ca/wp-content/uploads/2022/11/ac-visual-1-1000x629.png]
[fatfish.ca/wp-content/uploads/2022/11/ac-visual-2-1000x628.png]
[fatfish.ca/en/projects/amelie-coderre/index.html]
[fatfish.ca/wp-content/uploads/2022/09/desktop-accueil-articles-nectar-2-1000x713.png]
[fatfish.ca/wp-content/uploads/2022/09/desktop-accueil-articles-nectar-1-1000x712.png]
[fatfish.ca/wp-content/uploads/2022/09/desktop-investing-nectar-1000x817.png]
[fatfish.ca/wp-content/uploads/2022/09/mobile-footer-nectar-1000x543.png]
[fatfish.ca/wp-content/uploads/2022/09/desktop-footer-nectar-1000x543.png]
[fatfish.ca/en/projects/nectars-notes/index.html]
[fatfish.ca/en/projects/ecole-de-technologie-superieure/index.html]
[fatfish.ca/wp-content/uploads/2022/10/mockup-equipe-dgc-2-1000x713.png]
[fatfish.ca/wp-content/uploads/2022/10/mockup-equipe-dgc-1-1000x712.png]
[fatfish.ca/wp-content/uploads/2022/10/mobile-publication-dgc-1000x543.png]
[fatfish.ca/wp-content/uploads/2022/10/desktop-publications-dgc-1000x543.png]
[fatfish.ca/en/projects/degrandpre-chait/index.html]
[fatfish.ca/wp-content/uploads/2022/12/tablet-left-1-1000x625.png]
[fatfish.ca/wp-content/uploads/2022/12/tablet-right-1-1000x625.png]
[fatfish.ca/wp-content/uploads/2022/12/nxt-desktop-1000x817.png]
[fatfish.ca/wp-content/uploads/2022/12/nxt-mobile-1000x957.png]
[fatfish.ca/wp-content/uploads/2022/12/next-desktop-1000x957.png]
[fatfish.ca/en/projects/nxt-process/index.html]
[fatfish.ca/wp-content/uploads/2022/11/mobile-4-1000x975.png]
[fatfish.ca/wp-content/uploads/2022/11/desktop-4-1000x975.png]
[fatfish.ca/wp-content/uploads/2022/11/mobile-5-1000x543.png]
[fatfish.ca/wp-content/uploads/2022/11/desktop-5-1000x543.png]
[fatfish.ca/en/projects/groupe-afn/index.html]
[fatfish.ca/wp-content/uploads/2022/11/autocanada-desktop-center-2-1000x592.png]
[fatfish.ca/wp-content/uploads/2022/11/autocanada-desktop-top-2-1000x590.png]
[fatfish.ca/en/projects/auto-canada-finance/index.html]
[fatfish.ca/wp-content/uploads/2022/11/mobile-1-1000x543.png]
[fatfish.ca/wp-content/uploads/2022/11/desktop-2-1000x543.png]
[fatfish.ca/wp-content/uploads/2022/11/location-mobile-1000x817.png]
[fatfish.ca/wp-content/uploads/2022/11/desktop-1-1000x817.png]
[fatfish.ca/wp-content/uploads/2022/11/tablet-left-1000x551.png]
[fatfish.ca/wp-content/uploads/2022/11/tablet-right-1-1000x551.png]
[fatfish.ca/en/projects/location-thomas/index.html]
[fatfish.ca/wp-content/uploads/2022/10/tablet-campagnes-msmq-2-1000x625.png]
[fatfish.ca/wp-content/uploads/2022/10/tablet-campagnes-msmq-1-1000x625.png]
[fatfish.ca/wp-content/uploads/2022/10/mobile-outils-msmq-1000x975.png]
[fatfish.ca/wp-content/uploads/2022/10/desktop-outils-msmq-1000x975.png]
[fatfish.ca/wp-content/uploads/2022/10/desktop-boutique-msmq-1000x817.png]
[fatfish.ca/en/projects/mouvement-sante-mentale/index.html]
[fatfish.ca/wp-content/uploads/2022/11/tablet-accueil-duquette-2-1000x625.png]
[fatfish.ca/wp-content/uploads/2022/11/tablet-accueil-duquette-1-1000x625.png]
[fatfish.ca/wp-content/uploads/2022/11/mobile-services-duquette-1000x543.png]
[fatfish.ca/wp-content/uploads/2022/11/desktop-services-duquette-1000x543.png]
[fatfish.ca/wp-content/uploads/2022/11/desktop-type-projets-duquette-1000x817.png]
[fatfish.ca/en/projects/duquette-construction/index.html]
[fatfish.ca/wp-content/uploads/2022/11/hero-1-1000x577.png]
[fatfish.ca/wp-content/uploads/2022/12/pochette-1000x833.png]
[fatfish.ca/en/projects/montarville/index.html]
[fatfish.ca/wp-content/uploads/2022/11/mobile-3-1000x557.png]
[fatfish.ca/wp-content/uploads/2022/11/tablet-1000x557.png]
[fatfish.ca/wp-content/uploads/2022/11/desktop-3-1000x557.png]
[fatfish.ca/en/projects/lignes-plus/index.html]
[fatfish.ca/wp-content/uploads/2022/11/mobile-sous-menu-anderson-1-1000x976.png]
[fatfish.ca/wp-content/uploads/2022/11/desktop-sous-menu-anderson-1-1000x976.png]
[fatfish.ca/wp-content/uploads/2022/11/anderson-mobile-2-1000x543.png]
[fatfish.ca/wp-content/uploads/2022/11/anderson-desktop-2-1000x543.png]
[fatfish.ca/en/projects/groupe-anderson/index.html]
[fatfish.ca/en/projects/reseau-qualaxia/index.html]
[fatfish.ca/wp-content/uploads/2022/10/desktop-produits-maro-1000x817.png]
[fatfish.ca/wp-content/uploads/2022/10/mobile-revetement-maro-1000x975.png]
[fatfish.ca/wp-content/uploads/2022/10/desktop-revetement-maro-1000x975.png]
[fatfish.ca/en/projects/ma-ro-aluminium/index.html]
[fatfish.ca/wp-content/uploads/2022/11/abris-mobile-1000x543.png]
[fatfish.ca/wp-content/uploads/2022/11/abris-desktop-1000x542.png]
[fatfish.ca/en/projects/abri-de-la-rive-sud/index.html]
[fatfish.ca/wp-content/uploads/2022/10/tablet-blog-pnr-left-1000x625.png]
[fatfish.ca/wp-content/uploads/2022/10/tablet-blog-pnr-right-1000x625.png]
[fatfish.ca/wp-content/uploads/2022/10/desktop-infolettre-pnr-1000x817.png]
[fatfish.ca/en/projects/point-of-no-return/index.html]
[fatfish.ca/wp-content/uploads/2022/09/certificate-nectars-notes-hm-600x796.html]
[fatfish.ca/wp-content/uploads/2022/10/certificate-securitas-aviation-hm-1-600x796.html]
[fatfish.ca/wp-content/uploads/2022/10/certificate-smartpixel-hm-600x796.html]
[fatfish.ca/wp-content/uploads/2022/10/certificate-smartpixel-mobile_excellence-600x796.html]
[fatfish.ca/wp-content/uploads/2022/12/certificate-afn-cssda-kudos-600x848.html]
[fatfish.ca/wp-content/uploads/2022/12/certificate-smartpixel-cssda-kudos-600x848.html]
[fatfish.ca/wp-content/uploads/2022/12/certificate-nxt-cssda-kudos-600x848.html]
[fatfish.ca/wp-content/uploads/2022/12/certificate-nexxo-cssda-kudos-600x848.html]
[fatfish.ca/wp-content/uploads/2022/12/certificate-duquette-cssda-kudos-600x848.html]
[fatfish.ca/wp-content/uploads/2022/12/certificate-lignesplus-cssda-kudos-600x848.html]
[fatfish.ca/wp-content/uploads/2022/12/certificate-afn-cssda-ui-600x848.html]
[fatfish.ca/wp-content/uploads/2022/12/certificate-smartpixel-cssda-ui-600x848.html]
[fatfish.ca/wp-content/uploads/2022/12/certificate-nxt-cssda-ui-600x848.html]
[fatfish.ca/wp-content/uploads/2022/12/certificate-nexxo-cssda-ui-600x848.html]
[fatfish.ca/wp-content/uploads/2022/12/certificate-montarville-cssda-ui-600x848.html]
[fatfish.ca/wp-content/uploads/2022/12/certificate-lignesplus-cssda-ui-600x848.html]
[fatfish.ca/wp-content/uploads/2022/12/certificate-afn-cssda-ux-600x848.html]
[fatfish.ca/wp-content/uploads/2022/12/certificate-smartpixel-cssda-ux-600x848.html]
[fatfish.ca/wp-content/uploads/2022/12/certificate-nexxo-cssda-ux-600x848.html]
[fatfish.ca/wp-content/uploads/2022/12/certificate-nxt-cssda-ux-600x848.html]
[fatfish.ca/wp-content/uploads/2022/12/certificate-montarville-cssda-ux-600x848.html]
[fatfish.ca/wp-content/uploads/2022/12/certificate-lignesplus-cssda-ux-600x848.html]
[fatfish.ca/wp-content/uploads/2022/12/certificate-cccj-cssda-inn-600x848.html]
[fatfish.ca/wp-content/uploads/2022/12/certificate-afn-cssda-inn-600x848.html]
[fatfish.ca/wp-content/uploads/2022/12/certificate-smartpixel-cssda-inn-600x848.html]
[fatfish.ca/wp-content/uploads/2022/12/certificate-nxt-cssda-inn-600x848.html]
[fatfish.ca/wp-content/uploads/2022/12/certificate-nexxo-cssda-inn-600x848.html]
[fatfish.ca/wp-content/uploads/2023/01/1909.jpg]
[fatfish.ca/en/careers/web-graphic-design/index.html]
[fatfish.ca/wp-content/uploads/2022/10/nubelson-fernandes-ucybl5v0xwq-unsplash.jpg]
[fatfish.ca/en/careers/web-development/index.html]
[fatfish.ca/wp-content/uploads/2022/09/1230.jpg]
[fatfish.ca/en/careers/web-marketing/index.html]
[fatfish.ca/wp-content/uploads/2022/12/sarath-p-raj-p8gmcegsmmo-unsplash.jpg]
[fatfish.ca/en/careers/motion-design-3d/index.html]
